// Jest Snapshot v1, https://goo.gl/fbAQLP

exports[`Render should render component 1`] = `
<div>
  <Link
    replace={false}
    to="/bike/undefined"
  >
    <div />
    <h2 />
  </Link>
  <InstagramLink
    handle="pete"
  />
</div>
`;
