// Jest Snapshot v1, https://goo.gl/fbAQLP

exports[`Render should render component 1`] = `
<div>
  <button
    id="navbar-toggle-btn-left"
    onClick={[MockFunction]}
  >
    <span />
    <span />
    <span />
  </button>
</div>
`;
