// Jest Snapshot v1, https://goo.gl/fbAQLP

exports[`Render should render component 1`] = `
<a
  href="https://www.instagram.com/peteholmberg/"
  target="_blank"
>
  @peteholmberg
</a>
`;
